
Allocating common symbols
Common symbol       size              file

stack               0x8000            boot/boot.o
page_stack          0x4               mm/mm.o
kernel_page_table   0x4               mm/mm.o
kernel_page_dir     0x4               mm/mm.o
free_page_stack_table
                    0x4               mm/mm.o

Memory Configuration

Name             Origin             Length             Attributes
*default*        0x0000000000000000 0xffffffffffffffff

Linker script and memory map

LOAD boot/boot.o
LOAD console/console.o
LOAD console/kb.o
LOAD kernel/sys.o
LOAD kernel/timer.o
LOAD lib/printf.o
LOAD lib/string.o
LOAD mm/mem.o
LOAD mm/mm.o
LOAD init/main.o
LOAD i386/gdt.o
LOAD i386/gdt_s.o
LOAD i386/idt.o
LOAD i386/idt_s.o
LOAD i386/irq_s.o
LOAD i386/irqs.o
LOAD i386/isr_s.o
LOAD i386/isrs.o
                0x0000000001000000                __physHigh = 0x1000000
                0x0000000080000000                __physVHigh = 0x80000000
                0x0000000000100000                __physLow = 0x100000
                0x0000000000100000                __phys = __physLow

.text           0x0000000000100000     0x2000 load address 0x0000000000100000
                0x0000000000100000                code = .
 *(.text)
 .text          0x0000000000100000       0x4b boot/boot.o
                0x000000000010001a                asm_to_c
                0x0000000000100000                _start
                0x0000000000100000                start
 *fill*         0x000000000010004b        0x1 00
 .text          0x000000000010004c      0x373 console/console.o
                0x00000000001000b5                putchar
                0x00000000001001c4                ECMA48
                0x0000000000100312                update_cursor
                0x000000000010038f                init_video
                0x000000000010004c                scroll
                0x00000000001002d4                cls
 *fill*         0x00000000001003bf        0x1 00
 .text          0x00000000001003c0       0x51 console/kb.o
                0x00000000001003c0                keyboard_handler
                0x00000000001003f5                init_kb
 *fill*         0x0000000000100411        0x3 00
 .text          0x0000000000100414       0x4b kernel/sys.o
                0x0000000000100414                inportb
                0x0000000000100455                abort
                0x0000000000100433                outportb
                0x000000000010045a                __assert
 *fill*         0x000000000010045f        0x1 00
 .text          0x0000000000100460       0xc2 kernel/timer.o
                0x0000000000100460                timer_handler
                0x000000000010049f                timer_phase
                0x0000000000100477                timer_install
                0x0000000000100503                timer_wait
 *fill*         0x0000000000100522        0x2 00
 .text          0x0000000000100524      0x190 lib/printf.o
                0x0000000000100524                printf
                0x0000000000100673                panic
 .text          0x00000000001006b4      0x187 lib/string.o
                0x00000000001006b4                itoa
                0x00000000001007ce                strcmp
                0x0000000000100797                strlen
 *fill*         0x000000000010083b        0x1 00
 .text          0x000000000010083c       0x98 mm/mem.o
                0x00000000001008a2                memsetw
                0x000000000010083c                memcpy
                0x0000000000100872                memset
 .text          0x00000000001008d4      0x25d mm/mm.o
                0x0000000000100922                init_paging
                0x00000000001008d4                free_page
                0x0000000000100aef                enable_paging
                0x0000000000100918                alloc_page
 *fill*         0x0000000000100b31        0x3 00
 .text          0x0000000000100b34      0x684 init/main.o
                0x0000000000100b34                cmain
 .text          0x00000000001011b8      0x13e i386/gdt.o
                0x0000000000101252                gdt_install
                0x00000000001011b8                gdt_set_gate
 *fill*         0x00000000001012f6        0xa 00
 .text          0x0000000000101300       0x1d i386/gdt_s.o
                0x0000000000101300                gdt_flush
 *fill*         0x000000000010131d        0x3 00
 .text          0x0000000000101320       0xa9 i386/idt.o
                0x0000000000101387                idt_install
                0x0000000000101320                idt_set_gate
 *fill*         0x00000000001013c9        0x7 00
 .text          0x00000000001013d0        0x8 i386/idt_s.o
                0x00000000001013d0                idt_load
 *fill*         0x00000000001013d8        0x8 00
 .text          0x00000000001013e0       0xcc i386/irq_s.o
                0x00000000001013f4                _irq2
                0x0000000000101426                _irq7
                0x00000000001013e0                _irq0
                0x0000000000101412                _irq5
                0x000000000010146c                _irq14
                0x0000000000101430                _irq8
                0x000000000010141c                _irq6
                0x000000000010144e                _irq11
                0x0000000000101408                _irq4
                0x0000000000101462                _irq13
                0x000000000010143a                _irq9
                0x0000000000101444                _irq10
                0x0000000000101476                _irq15
                0x00000000001013ea                _irq1
                0x0000000000101458                _irq12
                0x00000000001013fe                _irq3
 .text          0x00000000001014ac      0x41d i386/irqs.o
                0x00000000001014be                irq_uninstall_custom_handler
                0x00000000001015a1                handle_coprocessor_math_fault
                0x00000000001014ac                irq_install_custom_handler
                0x00000000001015b7                irq_install
                0x0000000000101828                irq_handler
                0x00000000001014d1                irq_remap
 *fill*         0x00000000001018c9        0x7 00
 .text          0x00000000001018d0      0x160 i386/isr_s.o
                0x000000000010198c                _isr20
                0x00000000001019be                _isr25
                0x000000000010195a                _isr15
                0x0000000000101932                _isr10
                0x0000000000101978                _isr18
                0x00000000001019aa                _isr23
                0x000000000010190c                _isr6
                0x00000000001018d0                _isr0
                0x0000000000101996                _isr21
                0x0000000000101928                _isr9
                0x00000000001019dc                _isr28
                0x0000000000101902                _isr5
                0x00000000001019c8                _isr26
                0x00000000001019e6                _isr29
                0x00000000001019fa                _isr31
                0x00000000001018da                _isr1
                0x000000000010193a                _isr11
                0x0000000000101964                _isr16
                0x00000000001018e4                _isr2
                0x000000000010194a                _isr13
                0x00000000001019b4                _isr24
                0x00000000001018f8                _isr4
                0x00000000001018ee                _isr3
                0x0000000000101916                _isr7
                0x00000000001019d2                _isr27
                0x00000000001019f0                _isr30
                0x0000000000101982                _isr19
                0x0000000000101952                _isr14
                0x000000000010196e                _isr17
                0x0000000000101942                _isr12
                0x0000000000101920                _isr8
                0x00000000001019a0                _isr22
 .text          0x0000000000101a30      0x56f i386/isrs.o
                0x0000000000101ed8                fault_handler
                0x0000000000101a30                isr_install
                0x0000000000102000                . = ALIGN (0x1000)
 *fill*         0x0000000000101f9f       0x61 00

.rodata         0x0000000000102000      0x5ef load address 0x0000000000102000
 .rodata        0x0000000000102000       0x30 console/console.o
 .rodata        0x0000000000102030       0x68 lib/printf.o
 .rodata        0x0000000000102098       0x53 mm/mm.o
 *fill*         0x00000000001020eb        0x1 00
 .rodata        0x00000000001020ec      0x32a init/main.o
 *fill*         0x0000000000102416        0x2 00
 .rodata        0x0000000000102418       0x3c i386/irqs.o
 .rodata        0x0000000000102454      0x19b i386/isrs.o

.data           0x0000000000102600      0xa00 load address 0x0000000000102600
                0x0000000000102600                data = .
 *(.data)
 .data          0x0000000000102600        0x0 boot/boot.o
 .data          0x0000000000102600        0x1 console/console.o
                0x0000000000102600                ATTRIBUTE
 *fill*         0x0000000000102601       0x1f 00
 .data          0x0000000000102620       0x80 console/kb.o
                0x0000000000102620                KeyboardUs
 .data          0x00000000001026a0        0x0 kernel/sys.o
 .data          0x00000000001026a0        0x0 kernel/timer.o
 .data          0x00000000001026a0        0x0 lib/printf.o
 .data          0x00000000001026a0        0x0 lib/string.o
 .data          0x00000000001026a0        0x0 mm/mem.o
 .data          0x00000000001026a0        0x0 mm/mm.o
 .data          0x00000000001026a0        0x8 init/main.o
                0x00000000001026a0                kernel_end_addr
                0x00000000001026a4                kernel_load_addr
 .data          0x00000000001026a8        0x0 i386/gdt.o
 .data          0x00000000001026a8        0x0 i386/idt.o
 .data          0x00000000001026a8        0x0 i386/irqs.o
 *fill*         0x00000000001026a8       0x18 00
 .data          0x00000000001026c0       0x80 i386/isrs.o
                0x00000000001026c0                exception_messages
                0x0000000000102740                __end_data = .
                0x0000000000103000                . = ALIGN (0x1000)
 *fill*         0x0000000000102740      0x8c0 00

.bss            0x0000000000103000     0x9000 load address 0x0000000000103000
                0x0000000000103000                bss = .
 *(.bss)
 .bss           0x0000000000103000        0x0 boot/boot.o
 .bss           0x0000000000103000        0xc console/console.o
                0x0000000000103000                xpos
                0x0000000000103004                ypos
                0x0000000000103008                video
 .bss           0x000000000010300c        0x0 console/kb.o
 .bss           0x000000000010300c        0x0 kernel/sys.o
 .bss           0x000000000010300c        0x4 kernel/timer.o
                0x000000000010300c                timer_ticks
 .bss           0x0000000000103010        0x4 lib/printf.o
                0x0000000000103010                printed_chars
 .bss           0x0000000000103014        0x0 lib/string.o
 .bss           0x0000000000103014        0x0 mm/mem.o
 .bss           0x0000000000103014        0x0 mm/mm.o
 .bss           0x0000000000103014        0x0 init/main.o
 .bss           0x0000000000103014       0x1e i386/gdt.o
                0x0000000000103014                gdt
                0x000000000010302c                gdt_ptr
 *fill*         0x0000000000103032        0xe 00
 .bss           0x0000000000103040      0x806 i386/idt.o
                0x0000000000103840                idt_ptr
                0x0000000000103040                idt
 *fill*         0x0000000000103846       0x1a 00
 .bss           0x0000000000103860       0x40 i386/irqs.o
                0x0000000000103860                irq_routines
 .bss           0x00000000001038a0        0x0 i386/isrs.o
 *(COMMON)
 COMMON         0x00000000001038a0     0x8000 boot/boot.o
                0x00000000001038a0                stack
 COMMON         0x000000000010b8a0       0x10 mm/mm.o
                0x000000000010b8a0                page_stack
                0x000000000010b8a4                kernel_page_table
                0x000000000010b8a8                kernel_page_dir
                0x000000000010b8ac                free_page_stack_table
                0x000000000010b8b0                __end_bss = .
                0x000000000010c000                . = ALIGN (0x1000)
 *fill*         0x000000000010b8b0      0x750 00
                0x000000000010c000                __end = .

.rel.dyn        0x000000000010c000        0x0 load address 0x000000000010c000
 .rel.text      0x0000000000000000        0x0 boot/boot.o
 .rel.data      0x0000000000000000        0x0 boot/boot.o
OUTPUT(kernel.k elf32-i386)

.comment        0x0000000000000000      0x3c9
 .comment       0x0000000000000000       0x41 console/console.o
 .comment       0x0000000000000041       0x41 console/kb.o
 .comment       0x0000000000000082       0x41 kernel/sys.o
 .comment       0x00000000000000c3       0x41 kernel/timer.o
 .comment       0x0000000000000104       0x41 lib/printf.o
 .comment       0x0000000000000145       0x41 lib/string.o
 .comment       0x0000000000000186       0x41 mm/mem.o
 .comment       0x00000000000001c7       0x41 mm/mm.o
 .comment       0x0000000000000208       0x41 init/main.o
 .comment       0x0000000000000249       0x41 i386/gdt.o
 .comment       0x000000000000028a       0x1f i386/gdt_s.o
 .comment       0x00000000000002a9       0x41 i386/idt.o
 .comment       0x00000000000002ea       0x1f i386/idt_s.o
 .comment       0x0000000000000309       0x1f i386/irq_s.o
 .comment       0x0000000000000328       0x41 i386/irqs.o
 .comment       0x0000000000000369       0x1f i386/isr_s.o
 .comment       0x0000000000000388       0x41 i386/isrs.o

.note.GNU-stack
                0x0000000000000000        0x0
 .note.GNU-stack
                0x0000000000000000        0x0 console/console.o
 .note.GNU-stack
                0x0000000000000000        0x0 console/kb.o
 .note.GNU-stack
                0x0000000000000000        0x0 kernel/sys.o
 .note.GNU-stack
                0x0000000000000000        0x0 kernel/timer.o
 .note.GNU-stack
                0x0000000000000000        0x0 lib/printf.o
 .note.GNU-stack
                0x0000000000000000        0x0 lib/string.o
 .note.GNU-stack
                0x0000000000000000        0x0 mm/mem.o
 .note.GNU-stack
                0x0000000000000000        0x0 mm/mm.o
 .note.GNU-stack
                0x0000000000000000        0x0 init/main.o
 .note.GNU-stack
                0x0000000000000000        0x0 i386/gdt.o
 .note.GNU-stack
                0x0000000000000000        0x0 i386/idt.o
 .note.GNU-stack
                0x0000000000000000        0x0 i386/irqs.o
 .note.GNU-stack
                0x0000000000000000        0x0 i386/isrs.o
